[INFO] Scanning for projects...
[INFO] 
[INFO] ----------------< com.oct.invoicesystem:invoice-system >----------------
[INFO] Building OCT Invoice System 1.0.0-SNAPSHOT
[INFO]   from pom.xml
[INFO] --------------------------------[ jar ]---------------------------------
[INFO] 
[INFO] --- jacoco:0.8.12:prepare-agent (default) @ invoice-system ---
[INFO] argLine set to "-javaagent:C:\\Users\\Dany\\.m2\\repository\\org\\jacoco\\org.jacoco.agent\\0.8.12\\org.jacoco.agent-0.8.12-runtime.jar=destfile=C:\\Users\\Dany\\Documents\\FINAL PROJECT\\invoice-system\\target\\jacoco.exec"
[INFO] 
[INFO] --- resources:3.3.1:resources (default-resources) @ invoice-system ---
[INFO] Copying 1 resource from src\main\resources to target\classes
[INFO] Copying 17 resources from src\main\resources to target\classes
[INFO] 
[INFO] --- compiler:3.13.0:compile (default-compile) @ invoice-system ---
[INFO] Recompiling the module because of changed source code.
[INFO] Compiling 120 source files with javac [debug parameters release 21] to target\classes
[WARNING] /C:/Users/Dany/Documents/FINAL PROJECT/invoice-system/src/main/java/com/oct/invoicesystem/domain/invoice/mapper/InvoiceMapper.java:[22,13] Unmapped target property: "supplierBankDetails".
[WARNING] /C:/Users/Dany/Documents/FINAL PROJECT/invoice-system/src/main/java/com/oct/invoicesystem/domain/department/mapper/DepartmentMapper.java:[16,19] Unmapped target property: "isActive".
[WARNING] /C:/Users/Dany/Documents/FINAL PROJECT/invoice-system/src/main/java/com/oct/invoicesystem/domain/user/mapper/UserMapper.java:[23,13] Unmapped target property: "isActive".
[INFO] /C:/Users/Dany/Documents/FINAL PROJECT/invoice-system/src/main/java/com/oct/invoicesystem/domain/invoice/service/InvoiceStateMachineServiceImpl.java: Some input files use or override a deprecated API.
[INFO] /C:/Users/Dany/Documents/FINAL PROJECT/invoice-system/src/main/java/com/oct/invoicesystem/domain/invoice/service/InvoiceStateMachineServiceImpl.java: Recompile with -Xlint:deprecation for details.
[INFO] ------------------------------------------------------------------------
[INFO] BUILD SUCCESS
[INFO] ------------------------------------------------------------------------
[INFO] Total time:  21.290 s
[INFO] Finished at: 2026-04-07T02:51:47+02:00
[INFO] ------------------------------------------------------------------------
