[INFO] Scanning for projects...
[INFO] 
[INFO] ----------------< com.oct.invoicesystem:invoice-system >----------------
[INFO] Building OCT Invoice System 1.0.0-SNAPSHOT
[INFO]   from pom.xml
[INFO] --------------------------------[ jar ]---------------------------------
[INFO] 
[INFO] --- jacoco:0.8.12:prepare-agent (default) @ invoice-system ---
[INFO] argLine set to "-javaagent:C:\\Users\\Dany\\.m2\\repository\\org\\jacoco\\org.jacoco.agent\\0.8.12\\org.jacoco.agent-0.8.12-runtime.jar=destfile=C:\\Users\\Dany\\Documents\\FINAL PROJECT\\invoice-system\\target\\jacoco.exec"
[INFO] 
[INFO] --- resources:3.3.1:resources (default-resources) @ invoice-system ---
[INFO] Copying 1 resource from src\main\resources to target\classes
[INFO] Copying 10 resources from src\main\resources to target\classes
[INFO] 
[INFO] --- compiler:3.13.0:compile (default-compile) @ invoice-system ---
[INFO] Recompiling the module because of changed source code.
[INFO] Compiling 84 source files with javac [debug parameters release 21] to target\classes
[INFO] /C:/Users/Dany/Documents/FINAL PROJECT/invoice-system/src/main/java/com/oct/invoicesystem/domain/invoice/service/InvoiceStateMachineServiceImpl.java: C:\Users\Dany\Documents\FINAL PROJECT\invoice-system\src\main\java\com\oct\invoicesystem\domain\invoice\service\InvoiceStateMachineServiceImpl.java uses or overrides a deprecated API.
[INFO] /C:/Users/Dany/Documents/FINAL PROJECT/invoice-system/src/main/java/com/oct/invoicesystem/domain/invoice/service/InvoiceStateMachineServiceImpl.java: Recompile with -Xlint:deprecation for details.
[INFO] -------------------------------------------------------------
[WARNING] COMPILATION WARNING : 
[INFO] -------------------------------------------------------------
[WARNING] /C:/Users/Dany/Documents/FINAL PROJECT/invoice-system/src/main/java/com/oct/invoicesystem/domain/department/mapper/DepartmentMapper.java:[16,19] Unmapped target property: "isActive".
[WARNING] /C:/Users/Dany/Documents/FINAL PROJECT/invoice-system/src/main/java/com/oct/invoicesystem/domain/user/mapper/UserMapper.java:[23,13] Unmapped target property: "isActive".
[WARNING] /C:/Users/Dany/Documents/FINAL PROJECT/invoice-system/src/main/java/com/oct/invoicesystem/domain/invoice/mapper/InvoiceMapper.java:[22,13] Unmapped target property: "supplierBankDetails".
[INFO] 3 warnings 
[INFO] -------------------------------------------------------------
[INFO] -------------------------------------------------------------
[ERROR] COMPILATION ERROR : 
[INFO] -------------------------------------------------------------
[ERROR] /C:/Users/Dany/Documents/FINAL PROJECT/invoice-system/src/main/java/com/oct/invoicesystem/domain/workflow/guard/RoleMatchGuard.java:[63,60] local variables referenced from a lambda expression must be final or effectively final
[INFO] 1 error
[INFO] -------------------------------------------------------------
[INFO] ------------------------------------------------------------------------
[INFO] BUILD FAILURE
[INFO] ------------------------------------------------------------------------
[INFO] Total time:  18.349 s
[INFO] Finished at: 2026-03-29T05:28:06+02:00
[INFO] ------------------------------------------------------------------------
[ERROR] Failed to execute goal org.apache.maven.plugins:maven-compiler-plugin:3.13.0:compile (default-compile) on project invoice-system: Compilation failure
[ERROR] /C:/Users/Dany/Documents/FINAL PROJECT/invoice-system/src/main/java/com/oct/invoicesystem/domain/workflow/guard/RoleMatchGuard.java:[63,60] local variables referenced from a lambda expression must be final or effectively final
[ERROR] 
[ERROR] -> [Help 1]
[ERROR] 
[ERROR] To see the full stack trace of the errors, re-run Maven with the -e switch.
[ERROR] Re-run Maven using the -X switch to enable full debug logging.
[ERROR] 
[ERROR] For more information about the errors and possible solutions, please read the following articles:
[ERROR] [Help 1] http://cwiki.apache.org/confluence/display/MAVEN/MojoFailureException
