[INFO] Scanning for projects...
[INFO] 
[INFO] ----------------< com.oct.invoicesystem:invoice-system >----------------
[INFO] Building OCT Invoice System 1.0.0-SNAPSHOT
[INFO]   from pom.xml
[INFO] --------------------------------[ jar ]---------------------------------
[INFO] 
[INFO] --- jacoco:0.8.12:prepare-agent (default) @ invoice-system ---
[INFO] argLine set to "-javaagent:C:\\Users\\Dany\\.m2\\repository\\org\\jacoco\\org.jacoco.agent\\0.8.12\\org.jacoco.agent-0.8.12-runtime.jar=destfile=C:\\Users\\Dany\\Documents\\FINAL PROJECT\\invoice-system\\target\\jacoco.exec"
[INFO] 
[INFO] --- resources:3.3.1:resources (default-resources) @ invoice-system ---
[INFO] Copying 1 resource from src\main\resources to target\classes
[INFO] Copying 16 resources from src\main\resources to target\classes
[INFO] 
[INFO] --- compiler:3.13.0:compile (default-compile) @ invoice-system ---
[INFO] Nothing to compile - all classes are up to date.
[INFO] 
[INFO] --- resources:3.3.1:testResources (default-testResources) @ invoice-system ---
[INFO] Copying 0 resource from src\test\resources to target\test-classes
[INFO] 
[INFO] --- compiler:3.13.0:testCompile (default-testCompile) @ invoice-system ---
[INFO] Recompiling the module because of changed source code.
[INFO] Compiling 21 source files with javac [debug parameters release 21] to target\test-classes
[INFO] -------------------------------------------------------------
[WARNING] COMPILATION WARNING : 
[INFO] -------------------------------------------------------------
[WARNING] The following options were not recognized by any processor: '[mapstruct.defaultComponentModel]'
[WARNING] /C:/Users/Dany/Documents/FINAL PROJECT/invoice-system/src/test/java/com/oct/invoicesystem/domain/department/controller/DepartmentControllerTest.java:[37,6] org.springframework.boot.test.mock.mockito.MockBean in org.springframework.boot.test.mock.mockito has been deprecated and marked for removal
[WARNING] /C:/Users/Dany/Documents/FINAL PROJECT/invoice-system/src/test/java/com/oct/invoicesystem/domain/department/controller/DepartmentControllerTest.java:[37,6] org.springframework.boot.test.mock.mockito.MockBean in org.springframework.boot.test.mock.mockito has been deprecated and marked for removal
[WARNING] /C:/Users/Dany/Documents/FINAL PROJECT/invoice-system/src/test/java/com/oct/invoicesystem/domain/department/controller/DepartmentControllerTest.java:[37,6] org.springframework.boot.test.mock.mockito.MockBean in org.springframework.boot.test.mock.mockito has been deprecated and marked for removal
[WARNING] /C:/Users/Dany/Documents/FINAL PROJECT/invoice-system/src/test/java/com/oct/invoicesystem/domain/department/controller/DepartmentControllerTest.java:[37,6] org.springframework.boot.test.mock.mockito.MockBean in org.springframework.boot.test.mock.mockito has been deprecated and marked for removal
[WARNING] /C:/Users/Dany/Documents/FINAL PROJECT/invoice-system/src/test/java/com/oct/invoicesystem/domain/department/controller/DepartmentControllerTest.java:[37,6] org.springframework.boot.test.mock.mockito.MockBean in org.springframework.boot.test.mock.mockito has been deprecated and marked for removal
[WARNING] /C:/Users/Dany/Documents/FINAL PROJECT/invoice-system/src/test/java/com/oct/invoicesystem/domain/invoice/controller/InvoiceControllerTest.java:[51,6] org.springframework.boot.test.mock.mockito.MockBean in org.springframework.boot.test.mock.mockito has been deprecated and marked for removal
[WARNING] /C:/Users/Dany/Documents/FINAL PROJECT/invoice-system/src/test/java/com/oct/invoicesystem/domain/invoice/controller/InvoiceControllerTest.java:[51,6] org.springframework.boot.test.mock.mockito.MockBean in org.springframework.boot.test.mock.mockito has been deprecated and marked for removal
[WARNING] /C:/Users/Dany/Documents/FINAL PROJECT/invoice-system/src/test/java/com/oct/invoicesystem/domain/invoice/controller/InvoiceControllerTest.java:[51,6] org.springframework.boot.test.mock.mockito.MockBean in org.springframework.boot.test.mock.mockito has been deprecated and marked for removal
[WARNING] /C:/Users/Dany/Documents/FINAL PROJECT/invoice-system/src/test/java/com/oct/invoicesystem/domain/invoice/controller/InvoiceControllerTest.java:[51,6] org.springframework.boot.test.mock.mockito.MockBean in org.springframework.boot.test.mock.mockito has been deprecated and marked for removal
[WARNING] /C:/Users/Dany/Documents/FINAL PROJECT/invoice-system/src/test/java/com/oct/invoicesystem/domain/invoice/controller/InvoiceControllerTest.java:[51,6] org.springframework.boot.test.mock.mockito.MockBean in org.springframework.boot.test.mock.mockito has been deprecated and marked for removal
[WARNING] /C:/Users/Dany/Documents/FINAL PROJECT/invoice-system/src/test/java/com/oct/invoicesystem/domain/invoice/controller/InvoiceControllerTest.java:[54,6] org.springframework.boot.test.mock.mockito.MockBean in org.springframework.boot.test.mock.mockito has been deprecated and marked for removal
[WARNING] /C:/Users/Dany/Documents/FINAL PROJECT/invoice-system/src/test/java/com/oct/invoicesystem/domain/invoice/controller/InvoiceControllerTest.java:[54,6] org.springframework.boot.test.mock.mockito.MockBean in org.springframework.boot.test.mock.mockito has been deprecated and marked for removal
[WARNING] /C:/Users/Dany/Documents/FINAL PROJECT/invoice-system/src/test/java/com/oct/invoicesystem/domain/invoice/controller/InvoiceControllerTest.java:[54,6] org.springframework.boot.test.mock.mockito.MockBean in org.springframework.boot.test.mock.mockito has been deprecated and marked for removal
[WARNING] /C:/Users/Dany/Documents/FINAL PROJECT/invoice-system/src/test/java/com/oct/invoicesystem/domain/invoice/controller/InvoiceControllerTest.java:[54,6] org.springframework.boot.test.mock.mockito.MockBean in org.springframework.boot.test.mock.mockito has been deprecated and marked for removal
[WARNING] /C:/Users/Dany/Documents/FINAL PROJECT/invoice-system/src/test/java/com/oct/invoicesystem/domain/invoice/controller/InvoiceControllerTest.java:[54,6] org.springframework.boot.test.mock.mockito.MockBean in org.springframework.boot.test.mock.mockito has been deprecated and marked for removal
[WARNING] /C:/Users/Dany/Documents/FINAL PROJECT/invoice-system/src/test/java/com/oct/invoicesystem/domain/invoice/controller/InvoiceDocumentControllerTest.java:[40,6] org.springframework.boot.test.mock.mockito.MockBean in org.springframework.boot.test.mock.mockito has been deprecated and marked for removal
[WARNING] /C:/Users/Dany/Documents/FINAL PROJECT/invoice-system/src/test/java/com/oct/invoicesystem/domain/invoice/controller/InvoiceDocumentControllerTest.java:[40,6] org.springframework.boot.test.mock.mockito.MockBean in org.springframework.boot.test.mock.mockito has been deprecated and marked for removal
[WARNING] /C:/Users/Dany/Documents/FINAL PROJECT/invoice-system/src/test/java/com/oct/invoicesystem/domain/invoice/controller/InvoiceDocumentControllerTest.java:[40,6] org.springframework.boot.test.mock.mockito.MockBean in org.springframework.boot.test.mock.mockito has been deprecated and marked for removal
[WARNING] /C:/Users/Dany/Documents/FINAL PROJECT/invoice-system/src/test/java/com/oct/invoicesystem/domain/invoice/controller/InvoiceDocumentControllerTest.java:[40,6] org.springframework.boot.test.mock.mockito.MockBean in org.springframework.boot.test.mock.mockito has been deprecated and marked for removal
[WARNING] /C:/Users/Dany/Documents/FINAL PROJECT/invoice-system/src/test/java/com/oct/invoicesystem/domain/invoice/controller/InvoiceDocumentControllerTest.java:[40,6] org.springframework.boot.test.mock.mockito.MockBean in org.springframework.boot.test.mock.mockito has been deprecated and marked for removal
[WARNING] /C:/Users/Dany/Documents/FINAL PROJECT/invoice-system/src/test/java/com/oct/invoicesystem/domain/invoice/controller/InvoiceDocumentControllerTest.java:[43,6] org.springframework.boot.test.mock.mockito.MockBean in org.springframework.boot.test.mock.mockito has been deprecated and marked for removal
[WARNING] /C:/Users/Dany/Documents/FINAL PROJECT/invoice-system/src/test/java/com/oct/invoicesystem/domain/invoice/controller/InvoiceDocumentControllerTest.java:[43,6] org.springframework.boot.test.mock.mockito.MockBean in org.springframework.boot.test.mock.mockito has been deprecated and marked for removal
[WARNING] /C:/Users/Dany/Documents/FINAL PROJECT/invoice-system/src/test/java/com/oct/invoicesystem/domain/invoice/controller/InvoiceDocumentControllerTest.java:[43,6] org.springframework.boot.test.mock.mockito.MockBean in org.springframework.boot.test.mock.mockito has been deprecated and marked for removal
[WARNING] /C:/Users/Dany/Documents/FINAL PROJECT/invoice-system/src/test/java/com/oct/invoicesystem/domain/invoice/controller/InvoiceDocumentControllerTest.java:[43,6] org.springframework.boot.test.mock.mockito.MockBean in org.springframework.boot.test.mock.mockito has been deprecated and marked for removal
[WARNING] /C:/Users/Dany/Documents/FINAL PROJECT/invoice-system/src/test/java/com/oct/invoicesystem/domain/invoice/controller/InvoiceDocumentControllerTest.java:[43,6] org.springframework.boot.test.mock.mockito.MockBean in org.springframework.boot.test.mock.mockito has been deprecated and marked for removal
[WARNING] /C:/Users/Dany/Documents/FINAL PROJECT/invoice-system/src/test/java/com/oct/invoicesystem/domain/invoice/service/InvoiceStateMachineServiceTest.java:[43,6] org.springframework.boot.test.mock.mockito.MockBean in org.springframework.boot.test.mock.mockito has been deprecated and marked for removal
[WARNING] /C:/Users/Dany/Documents/FINAL PROJECT/invoice-system/src/test/java/com/oct/invoicesystem/domain/invoice/service/InvoiceStateMachineServiceTest.java:[43,6] org.springframework.boot.test.mock.mockito.MockBean in org.springframework.boot.test.mock.mockito has been deprecated and marked for removal
[WARNING] /C:/Users/Dany/Documents/FINAL PROJECT/invoice-system/src/test/java/com/oct/invoicesystem/domain/invoice/service/InvoiceStateMachineServiceTest.java:[43,6] org.springframework.boot.test.mock.mockito.MockBean in org.springframework.boot.test.mock.mockito has been deprecated and marked for removal
[WARNING] /C:/Users/Dany/Documents/FINAL PROJECT/invoice-system/src/test/java/com/oct/invoicesystem/domain/invoice/service/InvoiceStateMachineServiceTest.java:[43,6] org.springframework.boot.test.mock.mockito.MockBean in org.springframework.boot.test.mock.mockito has been deprecated and marked for removal
[WARNING] /C:/Users/Dany/Documents/FINAL PROJECT/invoice-system/src/test/java/com/oct/invoicesystem/domain/invoice/service/InvoiceStateMachineServiceTest.java:[43,6] org.springframework.boot.test.mock.mockito.MockBean in org.springframework.boot.test.mock.mockito has been deprecated and marked for removal
[WARNING] /C:/Users/Dany/Documents/FINAL PROJECT/invoice-system/src/test/java/com/oct/invoicesystem/domain/invoice/service/InvoiceStateMachineServiceTest.java:[46,6] org.springframework.boot.test.mock.mockito.MockBean in org.springframework.boot.test.mock.mockito has been deprecated and marked for removal
[WARNING] /C:/Users/Dany/Documents/FINAL PROJECT/invoice-system/src/test/java/com/oct/invoicesystem/domain/invoice/service/InvoiceStateMachineServiceTest.java:[46,6] org.springframework.boot.test.mock.mockito.MockBean in org.springframework.boot.test.mock.mockito has been deprecated and marked for removal
[WARNING] /C:/Users/Dany/Documents/FINAL PROJECT/invoice-system/src/test/java/com/oct/invoicesystem/domain/invoice/service/InvoiceStateMachineServiceTest.java:[46,6] org.springframework.boot.test.mock.mockito.MockBean in org.springframework.boot.test.mock.mockito has been deprecated and marked for removal
[WARNING] /C:/Users/Dany/Documents/FINAL PROJECT/invoice-system/src/test/java/com/oct/invoicesystem/domain/invoice/service/InvoiceStateMachineServiceTest.java:[46,6] org.springframework.boot.test.mock.mockito.MockBean in org.springframework.boot.test.mock.mockito has been deprecated and marked for removal
[WARNING] /C:/Users/Dany/Documents/FINAL PROJECT/invoice-system/src/test/java/com/oct/invoicesystem/domain/invoice/service/InvoiceStateMachineServiceTest.java:[46,6] org.springframework.boot.test.mock.mockito.MockBean in org.springframework.boot.test.mock.mockito has been deprecated and marked for removal
[WARNING] /C:/Users/Dany/Documents/FINAL PROJECT/invoice-system/src/test/java/com/oct/invoicesystem/domain/invoice/service/InvoiceStateMachineServiceTest.java:[49,6] org.springframework.boot.test.mock.mockito.MockBean in org.springframework.boot.test.mock.mockito has been deprecated and marked for removal
[WARNING] /C:/Users/Dany/Documents/FINAL PROJECT/invoice-system/src/test/java/com/oct/invoicesystem/domain/invoice/service/InvoiceStateMachineServiceTest.java:[49,6] org.springframework.boot.test.mock.mockito.MockBean in org.springframework.boot.test.mock.mockito has been deprecated and marked for removal
[WARNING] /C:/Users/Dany/Documents/FINAL PROJECT/invoice-system/src/test/java/com/oct/invoicesystem/domain/invoice/service/InvoiceStateMachineServiceTest.java:[49,6] org.springframework.boot.test.mock.mockito.MockBean in org.springframework.boot.test.mock.mockito has been deprecated and marked for removal
[WARNING] /C:/Users/Dany/Documents/FINAL PROJECT/invoice-system/src/test/java/com/oct/invoicesystem/domain/invoice/service/InvoiceStateMachineServiceTest.java:[49,6] org.springframework.boot.test.mock.mockito.MockBean in org.springframework.boot.test.mock.mockito has been deprecated and marked for removal
[WARNING] /C:/Users/Dany/Documents/FINAL PROJECT/invoice-system/src/test/java/com/oct/invoicesystem/domain/invoice/service/InvoiceStateMachineServiceTest.java:[49,6] org.springframework.boot.test.mock.mockito.MockBean in org.springframework.boot.test.mock.mockito has been deprecated and marked for removal
[WARNING] /C:/Users/Dany/Documents/FINAL PROJECT/invoice-system/src/test/java/com/oct/invoicesystem/domain/user/controller/UserControllerTest.java:[38,6] org.springframework.boot.test.mock.mockito.MockBean in org.springframework.boot.test.mock.mockito has been deprecated and marked for removal
[WARNING] /C:/Users/Dany/Documents/FINAL PROJECT/invoice-system/src/test/java/com/oct/invoicesystem/domain/user/controller/UserControllerTest.java:[38,6] org.springframework.boot.test.mock.mockito.MockBean in org.springframework.boot.test.mock.mockito has been deprecated and marked for removal
[WARNING] /C:/Users/Dany/Documents/FINAL PROJECT/invoice-system/src/test/java/com/oct/invoicesystem/domain/user/controller/UserControllerTest.java:[38,6] org.springframework.boot.test.mock.mockito.MockBean in org.springframework.boot.test.mock.mockito has been deprecated and marked for removal
[WARNING] /C:/Users/Dany/Documents/FINAL PROJECT/invoice-system/src/test/java/com/oct/invoicesystem/domain/user/controller/UserControllerTest.java:[38,6] org.springframework.boot.test.mock.mockito.MockBean in org.springframework.boot.test.mock.mockito has been deprecated and marked for removal
[WARNING] /C:/Users/Dany/Documents/FINAL PROJECT/invoice-system/src/test/java/com/oct/invoicesystem/domain/user/controller/UserControllerTest.java:[38,6] org.springframework.boot.test.mock.mockito.MockBean in org.springframework.boot.test.mock.mockito has been deprecated and marked for removal
[INFO] 46 warnings 
[INFO] -------------------------------------------------------------
[INFO] -------------------------------------------------------------
[ERROR] COMPILATION ERROR : 
[INFO] -------------------------------------------------------------
[ERROR] /C:/Users/Dany/Documents/FINAL PROJECT/invoice-system/src/test/java/com/oct/invoicesystem/domain/payment/controller/PaymentControllerTest.java:[82,13] cannot find symbol
  symbol:   method setName(java.lang.String)
  location: variable dept of type com.oct.invoicesystem.domain.department.model.Department
[ERROR] /C:/Users/Dany/Documents/FINAL PROJECT/invoice-system/src/test/java/com/oct/invoicesystem/domain/payment/controller/PaymentControllerTest.java:[109,17] cannot find symbol
  symbol:   method department(com.oct.invoicesystem.domain.department.model.Department)
  location: class com.oct.invoicesystem.domain.user.model.UserRole.UserRoleBuilder
[ERROR] /C:/Users/Dany/Documents/FINAL PROJECT/invoice-system/src/test/java/com/oct/invoicesystem/domain/payment/controller/PaymentControllerTest.java:[126,17] cannot find symbol
  symbol:   method department(com.oct.invoicesystem.domain.department.model.Department)
  location: class com.oct.invoicesystem.domain.user.model.UserRole.UserRoleBuilder
[ERROR] /C:/Users/Dany/Documents/FINAL PROJECT/invoice-system/src/test/java/com/oct/invoicesystem/domain/payment/controller/PaymentControllerTest.java:[137,16] cannot find symbol
  symbol:   method setCreatedBy(com.oct.invoicesystem.domain.user.model.User)
  location: variable invoice of type com.oct.invoicesystem.domain.invoice.model.Invoice
[INFO] 4 errors 
[INFO] -------------------------------------------------------------
[INFO] ------------------------------------------------------------------------
[INFO] BUILD FAILURE
[INFO] ------------------------------------------------------------------------
[INFO] Total time:  9.209 s
[INFO] Finished at: 2026-04-05T15:54:41+02:00
[INFO] ------------------------------------------------------------------------
[ERROR] Failed to execute goal org.apache.maven.plugins:maven-compiler-plugin:3.13.0:testCompile (default-testCompile) on project invoice-system: Compilation failure: Compilation failure: 
[ERROR] /C:/Users/Dany/Documents/FINAL PROJECT/invoice-system/src/test/java/com/oct/invoicesystem/domain/payment/controller/PaymentControllerTest.java:[82,13] cannot find symbol
[ERROR]   symbol:   method setName(java.lang.String)
[ERROR]   location: variable dept of type com.oct.invoicesystem.domain.department.model.Department
[ERROR] /C:/Users/Dany/Documents/FINAL PROJECT/invoice-system/src/test/java/com/oct/invoicesystem/domain/payment/controller/PaymentControllerTest.java:[109,17] cannot find symbol
[ERROR]   symbol:   method department(com.oct.invoicesystem.domain.department.model.Department)
[ERROR]   location: class com.oct.invoicesystem.domain.user.model.UserRole.UserRoleBuilder
[ERROR] /C:/Users/Dany/Documents/FINAL PROJECT/invoice-system/src/test/java/com/oct/invoicesystem/domain/payment/controller/PaymentControllerTest.java:[126,17] cannot find symbol
[ERROR]   symbol:   method department(com.oct.invoicesystem.domain.department.model.Department)
[ERROR]   location: class com.oct.invoicesystem.domain.user.model.UserRole.UserRoleBuilder
[ERROR] /C:/Users/Dany/Documents/FINAL PROJECT/invoice-system/src/test/java/com/oct/invoicesystem/domain/payment/controller/PaymentControllerTest.java:[137,16] cannot find symbol
[ERROR]   symbol:   method setCreatedBy(com.oct.invoicesystem.domain.user.model.User)
[ERROR]   location: variable invoice of type com.oct.invoicesystem.domain.invoice.model.Invoice
[ERROR] -> [Help 1]
[ERROR] 
[ERROR] To see the full stack trace of the errors, re-run Maven with the -e switch.
[ERROR] Re-run Maven using the -X switch to enable full debug logging.
[ERROR] 
[ERROR] For more information about the errors and possible solutions, please read the following articles:
[ERROR] [Help 1] http://cwiki.apache.org/confluence/display/MAVEN/MojoFailureException
