[INFO] Scanning for projects...
[INFO] 
[INFO] ----------------< com.oct.invoicesystem:invoice-system >----------------
[INFO] Building OCT Invoice System 1.0.0-SNAPSHOT
[INFO]   from pom.xml
[INFO] --------------------------------[ jar ]---------------------------------
[INFO] 
[INFO] --- jacoco:0.8.12:prepare-agent (default) @ invoice-system ---
[INFO] argLine set to "-javaagent:C:\\Users\\Dany\\.m2\\repository\\org\\jacoco\\org.jacoco.agent\\0.8.12\\org.jacoco.agent-0.8.12-runtime.jar=destfile=C:\\Users\\Dany\\Documents\\FINAL PROJECT\\invoice-system\\target\\jacoco.exec"
[INFO] 
[INFO] --- resources:3.3.1:resources (default-resources) @ invoice-system ---
[INFO] Copying 1 resource from src\main\resources to target\classes
[INFO] Copying 22 resources from src\main\resources to target\classes
[INFO] 
[INFO] --- compiler:3.13.0:compile (default-compile) @ invoice-system ---
[INFO] Nothing to compile - all classes are up to date.
[INFO] 
[INFO] --- resources:3.3.1:testResources (default-testResources) @ invoice-system ---
[INFO] Copying 0 resource from src\test\resources to target\test-classes
[INFO] 
[INFO] --- compiler:3.13.0:testCompile (default-testCompile) @ invoice-system ---
[INFO] Nothing to compile - all classes are up to date.
[INFO] 
[INFO] --- surefire:3.5.2:test (default-test) @ invoice-system ---
[INFO] Using auto detected provider org.apache.maven.surefire.junitplatform.JUnitPlatformProvider
[INFO] 
[INFO] -------------------------------------------------------
[INFO]  T E S T S
[INFO] -------------------------------------------------------
[INFO] Running com.oct.invoicesystem.domain.supplier.controller.SupplierPortalIntegrationTest
04:08:00.740 [main] INFO org.springframework.test.context.support.AnnotationConfigContextLoaderUtils -- Could not detect default configuration classes for test class [com.oct.invoicesystem.domain.supplier.controller.SupplierPortalIntegrationTest]: SupplierPortalIntegrationTest does not declare any static, non-private, non-final, nested classes annotated with @Configuration.
04:08:01.750 [main] INFO org.springframework.boot.test.context.SpringBootTestContextBootstrapper -- Found @SpringBootConfiguration com.oct.invoicesystem.InvoiceSystemApplication for test class com.oct.invoicesystem.domain.supplier.controller.SupplierPortalIntegrationTest
04:08:02.923 [main] INFO org.springframework.boot.devtools.restart.RestartApplicationListener -- Restart disabled due to context in which it is running

  .   ____          _            __ _ _
 /\\ / ___'_ __ _ _(_)_ __  __ _ \ \ \ \
( ( )\___ | '_ | '_| | '_ \/ _` | \ \ \ \
 \\/  ___)| |_)| | | | | || (_| |  ) ) ) )
  '  |____| .__|_| |_|_| |_\__, | / / / /
 =========|_|==============|___/=/_/_/_/

 :: Spring Boot ::                (v3.4.1)

2026-04-15 04:08:04 [main] INFO  c.o.i.d.s.c.SupplierPortalIntegrationTest - Starting SupplierPortalIntegrationTest using Java 21.0.9 with PID 24784 (started by Dany in C:\Users\Dany\Documents\FINAL PROJECT\invoice-system)
2026-04-15 04:08:05 [main] DEBUG c.o.i.d.s.c.SupplierPortalIntegrationTest - Running with Spring Boot v3.4.1, Spring v6.2.1
2026-04-15 04:08:05 [main] INFO  c.o.i.d.s.c.SupplierPortalIntegrationTest - The following 1 profile is active: "test"
2026-04-15 04:08:14 [main] WARN  o.s.c.s.PostProcessorRegistrationDelegate$BeanPostProcessorChecker - Bean 'org.springframework.statemachine.config.configuration.StateMachineAnnotationPostProcessorConfiguration' of type [org.springframework.statemachine.config.configuration.StateMachineAnnotationPostProcessorConfiguration$$SpringCGLIB$$0] is not eligible for getting processed by all BeanPostProcessors (for example: not eligible for auto-proxying). The currently created BeanPostProcessor [org.springframework.statemachine.processor.stateMachineAnnotationPostProcessor] is declared through a non-static factory method on that class; consider declaring it as static instead.
2026-04-15 04:08:16 [main] DEBUG o.f.c.i.s.classpath.ClassPathScanner - Scanning for classpath resources at 'classpath:db/callback' ...
2026-04-15 04:08:16 [main] DEBUG o.f.c.i.s.classpath.ClassPathScanner - Determining location urls for classpath:db/callback using ClassLoader jdk.internal.loader.ClassLoaders$AppClassLoader@5a07e868 ...
2026-04-15 04:08:16 [main] DEBUG o.f.c.i.s.classpath.ClassPathScanner - Unable to resolve location classpath:db/callback.
2026-04-15 04:08:16 [main] DEBUG o.f.c.i.s.classpath.ClassPathScanner - Scanning for classpath resources at 'classpath:db/migration' ...
2026-04-15 04:08:16 [main] DEBUG o.f.c.i.s.classpath.ClassPathScanner - Determining location urls for classpath:db/migration using ClassLoader jdk.internal.loader.ClassLoaders$AppClassLoader@5a07e868 ...
2026-04-15 04:08:16 [main] DEBUG o.f.c.i.s.classpath.ClassPathScanner - Scanning URL: file:/C:/Users/Dany/Documents/FINAL%20PROJECT/invoice-system/target/classes/db/migration
2026-04-15 04:08:16 [main] DEBUG o.f.c.i.s.c.FileSystemClassPathLocationScanner - Scanning starting at classpath root in filesystem: C:\Users\Dany\Documents\FINAL PROJECT\invoice-system\target\classes\
2026-04-15 04:08:16 [main] DEBUG o.f.c.i.s.c.FileSystemClassPathLocationScanner - Scanning for resources in path: C:\Users\Dany\Documents\FINAL PROJECT\invoice-system\target\classes\db\migration (db/migration)
2026-04-15 04:08:16 [main] DEBUG o.f.c.i.s.classpath.ClassPathScanner - Found resource: db/migration/V10__create_payments.sql
2026-04-15 04:08:16 [main] DEBUG o.f.c.i.s.classpath.ClassPathScanner - Found resource: db/migration/V11__create_audit_logs.sql
2026-04-15 04:08:16 [main] DEBUG o.f.c.i.s.classpath.ClassPathScanner - Found resource: db/migration/V12__add_indexes.sql
2026-04-15 04:08:16 [main] DEBUG o.f.c.i.s.classpath.ClassPathScanner - Found resource: db/migration/V13__create_suppliers.sql
2026-04-15 04:08:16 [main] DEBUG o.f.c.i.s.classpath.ClassPathScanner - Found resource: db/migration/V14__update_invoices_supplier_fk.sql
2026-04-15 04:08:16 [main] DEBUG o.f.c.i.s.classpath.ClassPathScanner - Found resource: db/migration/V15__add_supplier_user_link.sql
2026-04-15 04:08:16 [main] DEBUG o.f.c.i.s.classpath.ClassPathScanner - Found resource: db/migration/V16__add_role_supplier.sql
2026-04-15 04:08:16 [main] DEBUG o.f.c.i.s.classpath.ClassPathScanner - Found resource: db/migration/V1__create_users_roles.sql
2026-04-15 04:08:16 [main] DEBUG o.f.c.i.s.classpath.ClassPathScanner - Found resource: db/migration/V2__create_departments.sql
2026-04-15 04:08:16 [main] DEBUG o.f.c.i.s.classpath.ClassPathScanner - Found resource: db/migration/V3__seed_roles_and_admin.sql
2026-04-15 04:08:16 [main] DEBUG o.f.c.i.s.classpath.ClassPathScanner - Found resource: db/migration/V4__create_invoices.sql
2026-04-15 04:08:16 [main] DEBUG o.f.c.i.s.classpath.ClassPathScanner - Found resource: db/migration/V5__create_invoice_items.sql
2026-04-15 04:08:16 [main] DEBUG o.f.c.i.s.classpath.ClassPathScanner - Found resource: db/migration/V6__create_invoice_documents.sql
2026-04-15 04:08:16 [main] DEBUG o.f.c.i.s.classpath.ClassPathScanner - Found resource: db/migration/V7__create_approval_steps.sql
2026-04-15 04:08:16 [main] DEBUG o.f.c.i.s.classpath.ClassPathScanner - Found resource: db/migration/V8__create_invoice_status_history.sql
2026-04-15 04:08:16 [main] DEBUG o.f.c.i.s.classpath.ClassPathScanner - Found resource: db/migration/V9__create_notifications.sql
2026-04-15 04:08:16 [main] DEBUG o.f.c.i.s.classpath.ClassPathScanner - Scanning for classes at classpath:db/migration
2026-04-15 04:08:17 [main] DEBUG o.f.c.i.r.ResourceNameValidator - Validating V3__seed_roles_and_admin.sql
2026-04-15 04:08:17 [main] DEBUG o.f.c.i.r.ResourceNameValidator - Validating V5__create_invoice_items.sql
2026-04-15 04:08:17 [main] DEBUG o.f.c.i.r.ResourceNameValidator - Validating V10__create_payments.sql
2026-04-15 04:08:17 [main] DEBUG o.f.c.i.r.ResourceNameValidator - Validating V8__create_invoice_status_history.sql
2026-04-15 04:08:17 [main] DEBUG o.f.c.i.r.ResourceNameValidator - Validating V14__update_invoices_supplier_fk.sql
2026-04-15 04:08:17 [main] DEBUG o.f.c.i.r.ResourceNameValidator - Validating V7__create_approval_steps.sql
2026-04-15 04:08:17 [main] DEBUG o.f.c.i.r.ResourceNameValidator - Validating V13__create_suppliers.sql
2026-04-15 04:08:17 [main] DEBUG o.f.c.i.r.ResourceNameValidator - Validating V6__create_invoice_documents.sql
2026-04-15 04:08:17 [main] DEBUG o.f.c.i.r.ResourceNameValidator - Validating V16__add_role_supplier.sql
2026-04-15 04:08:17 [main] DEBUG o.f.c.i.r.ResourceNameValidator - Validating V4__create_invoices.sql
2026-04-15 04:08:17 [main] DEBUG o.f.c.i.r.ResourceNameValidator - Validating V15__add_supplier_user_link.sql
2026-04-15 04:08:17 [main] DEBUG o.f.c.i.r.ResourceNameValidator - Validating V12__add_indexes.sql
2026-04-15 04:08:17 [main] DEBUG o.f.c.i.r.ResourceNameValidator - Validating V11__create_audit_logs.sql
2026-04-15 04:08:17 [main] DEBUG o.f.c.i.r.ResourceNameValidator - Validating V1__create_users_roles.sql
2026-04-15 04:08:17 [main] DEBUG o.f.c.i.r.ResourceNameValidator - Validating V2__create_departments.sql
2026-04-15 04:08:17 [main] DEBUG o.f.c.i.r.ResourceNameValidator - Validating V9__create_notifications.sql
2026-04-15 04:08:17 [main] DEBUG o.f.c.i.d.DatabaseTypeRegister - Multiple databases found that handle url 'jdbc:postgresql://localhost:5432/oct_invoice_dev': CockroachDB,PostgreSQL
2026-04-15 04:08:17 [main] INFO  org.flywaydb.core.FlywayExecutor - Database: jdbc:postgresql://localhost:5432/oct_invoice_dev (PostgreSQL 17.4)
2026-04-15 04:08:17 [main] DEBUG org.flywaydb.core.FlywayExecutor - Database Type: PostgreSQL
2026-04-15 04:08:17 [main] DEBUG org.flywaydb.core.FlywayExecutor - Driver: PostgreSQL JDBC Driver 42.7.4
2026-04-15 04:08:17 [main] DEBUG org.flywaydb.core.FlywayExecutor - DDL Transactions Supported: true
2026-04-15 04:08:17 [main] DEBUG o.f.c.i.s.SchemaHistoryFactory - Schemas: 
2026-04-15 04:08:17 [main] DEBUG o.f.c.i.s.SchemaHistoryFactory - Default schema: null
2026-04-15 04:08:17 [main] DEBUG org.flywaydb.core.FlywayExecutor - Scanning for script callbacks ...
2026-04-15 04:08:17 [main] DEBUG o.f.c.i.c.SqlScriptCallbackFactory - Scanning for SQL callbacks ...
2026-04-15 04:08:17 [main] DEBUG o.f.core.internal.command.DbValidate - Validating migrations ...
2026-04-15 04:08:17 [main] DEBUG o.f.c.a.c.ClassicConfiguration - CherryPickConfigurationExtension not found
2026-04-15 04:08:17 [main] DEBUG o.f.core.internal.scanner.Scanner - Filtering out resource: db/migration/V3__seed_roles_and_admin.sql (filename: V3__seed_roles_and_admin.sql)
2026-04-15 04:08:17 [main] DEBUG o.f.core.internal.scanner.Scanner - Filtering out resource: db/migration/V5__create_invoice_items.sql (filename: V5__create_invoice_items.sql)
2026-04-15 04:08:17 [main] DEBUG o.f.core.internal.scanner.Scanner - Filtering out resource: db/migration/V10__create_payments.sql (filename: V10__create_payments.sql)
2026-04-15 04:08:17 [main] DEBUG o.f.core.internal.scanner.Scanner - Filtering out resource: db/migration/V8__create_invoice_status_history.sql (filename: V8__create_invoice_status_history.sql)
2026-04-15 04:08:17 [main] DEBUG o.f.core.internal.scanner.Scanner - Filtering out resource: db/migration/V14__update_invoices_supplier_fk.sql (filename: V14__update_invoices_supplier_fk.sql)
2026-04-15 04:08:17 [main] DEBUG o.f.core.internal.scanner.Scanner - Filtering out resource: db/migration/V7__create_approval_steps.sql (filename: V7__create_approval_steps.sql)
2026-04-15 04:08:17 [main] DEBUG o.f.core.internal.scanner.Scanner - Filtering out resource: db/migration/V13__create_suppliers.sql (filename: V13__create_suppliers.sql)
2026-04-15 04:08:17 [main] DEBUG o.f.core.internal.scanner.Scanner - Filtering out resource: db/migration/V6__create_invoice_documents.sql (filename: V6__create_invoice_documents.sql)
2026-04-15 04:08:17 [main] DEBUG o.f.core.internal.scanner.Scanner - Filtering out resource: db/migration/V16__add_role_supplier.sql (filename: V16__add_role_supplier.sql)
2026-04-15 04:08:17 [main] DEBUG o.f.core.internal.scanner.Scanner - Filtering out resource: db/migration/V4__create_invoices.sql (filename: V4__create_invoices.sql)
2026-04-15 04:08:17 [main] DEBUG o.f.core.internal.scanner.Scanner - Filtering out resource: db/migration/V15__add_supplier_user_link.sql (filename: V15__add_supplier_user_link.sql)
2026-04-15 04:08:17 [main] DEBUG o.f.core.internal.scanner.Scanner - Filtering out resource: db/migration/V12__add_indexes.sql (filename: V12__add_indexes.sql)
2026-04-15 04:08:17 [main] DEBUG o.f.core.internal.scanner.Scanner - Filtering out resource: db/migration/V11__create_audit_logs.sql (filename: V11__create_audit_logs.sql)
2026-04-15 04:08:17 [main] DEBUG o.f.core.internal.scanner.Scanner - Filtering out resource: db/migration/V1__create_users_roles.sql (filename: V1__create_users_roles.sql)
2026-04-15 04:08:17 [main] DEBUG o.f.core.internal.scanner.Scanner - Filtering out resource: db/migration/V2__create_departments.sql (filename: V2__create_departments.sql)
2026-04-15 04:08:17 [main] DEBUG o.f.core.internal.scanner.Scanner - Filtering out resource: db/migration/V9__create_notifications.sql (filename: V9__create_notifications.sql)
2026-04-15 04:08:17 [main] DEBUG o.f.core.internal.scanner.Scanner - Filtering out resource: db/migration/V3__seed_roles_and_admin.sql (filename: V3__seed_roles_and_admin.sql)
2026-04-15 04:08:17 [main] DEBUG o.f.core.internal.scanner.Scanner - Filtering out resource: db/migration/V5__create_invoice_items.sql (filename: V5__create_invoice_items.sql)
2026-04-15 04:08:17 [main] DEBUG o.f.core.internal.scanner.Scanner - Filtering out resource: db/migration/V10__create_payments.sql (filename: V10__create_payments.sql)
2026-04-15 04:08:17 [main] DEBUG o.f.core.internal.scanner.Scanner - Filtering out resource: db/migration/V8__create_invoice_status_history.sql (filename: V8__create_invoice_status_history.sql)
2026-04-15 04:08:17 [main] DEBUG o.f.core.internal.scanner.Scanner - Filtering out resource: db/migration/V14__update_invoices_supplier_fk.sql (filename: V14__update_invoices_supplier_fk.sql)
2026-04-15 04:08:17 [main] DEBUG o.f.core.internal.scanner.Scanner - Filtering out resource: db/migration/V7__create_approval_steps.sql (filename: V7__create_approval_steps.sql)
2026-04-15 04:08:17 [main] DEBUG o.f.core.internal.scanner.Scanner - Filtering out resource: db/migration/V13__create_suppliers.sql (filename: V13__create_suppliers.sql)
2026-04-15 04:08:17 [main] DEBUG o.f.core.internal.scanner.Scanner - Filtering out resource: db/migration/V6__create_invoice_documents.sql (filename: V6__create_invoice_documents.sql)
2026-04-15 04:08:17 [main] DEBUG o.f.core.internal.scanner.Scanner - Filtering out resource: db/migration/V16__add_role_supplier.sql (filename: V16__add_role_supplier.sql)
2026-04-15 04:08:17 [main] DEBUG o.f.core.internal.scanner.Scanner - Filtering out resource: db/migration/V4__create_invoices.sql (filename: V4__create_invoices.sql)
2026-04-15 04:08:17 [main] DEBUG o.f.core.internal.scanner.Scanner - Filtering out resource: db/migration/V15__add_supplier_user_link.sql (filename: V15__add_supplier_user_link.sql)
2026-04-15 04:08:17 [main] DEBUG o.f.core.internal.scanner.Scanner - Filtering out resource: db/migration/V12__add_indexes.sql (filename: V12__add_indexes.sql)
2026-04-15 04:08:17 [main] DEBUG o.f.core.internal.scanner.Scanner - Filtering out resource: db/migration/V11__create_audit_logs.sql (filename: V11__create_audit_logs.sql)
2026-04-15 04:08:17 [main] DEBUG o.f.core.internal.scanner.Scanner - Filtering out resource: db/migration/V1__create_users_roles.sql (filename: V1__create_users_roles.sql)
2026-04-15 04:08:17 [main] DEBUG o.f.core.internal.scanner.Scanner - Filtering out resource: db/migration/V2__create_departments.sql (filename: V2__create_departments.sql)
2026-04-15 04:08:17 [main] DEBUG o.f.core.internal.scanner.Scanner - Filtering out resource: db/migration/V9__create_notifications.sql (filename: V9__create_notifications.sql)
2026-04-15 04:08:17 [main] DEBUG o.f.core.internal.scanner.Scanner - Filtering out resource: db/migration/V3__seed_roles_and_admin.sql (filename: V3__seed_roles_and_admin.sql)
2026-04-15 04:08:17 [main] DEBUG o.f.core.internal.scanner.Scanner - Filtering out resource: db/migration/V5__create_invoice_items.sql (filename: V5__create_invoice_items.sql)
2026-04-15 04:08:17 [main] DEBUG o.f.core.internal.scanner.Scanner - Filtering out resource: db/migration/V10__create_payments.sql (filename: V10__create_payments.sql)
2026-04-15 04:08:17 [main] DEBUG o.f.core.internal.scanner.Scanner - Filtering out resource: db/migration/V8__create_invoice_status_history.sql (filename: V8__create_invoice_status_history.sql)
2026-04-15 04:08:17 [main] DEBUG o.f.core.internal.scanner.Scanner - Filtering out resource: db/migration/V14__update_invoices_supplier_fk.sql (filename: V14__update_invoices_supplier_fk.sql)
2026-04-15 04:08:17 [main] DEBUG o.f.core.internal.scanner.Scanner - Filtering out resource: db/migration/V7__create_approval_steps.sql (filename: V7__create_approval_steps.sql)
2026-04-15 04:08:17 [main] DEBUG o.f.core.internal.scanner.Scanner - Filtering out resource: db/migration/V13__create_suppliers.sql (filename: V13__create_suppliers.sql)
2026-04-15 04:08:17 [main] DEBUG o.f.core.internal.scanner.Scanner - Filtering out resource: db/migration/V6__create_invoice_documents.sql (filename: V6__create_invoice_documents.sql)
2026-04-15 04:08:17 [main] DEBUG o.f.core.internal.scanner.Scanner - Filtering out resource: db/migration/V16__add_role_supplier.sql (filename: V16__add_role_supplier.sql)
2026-04-15 04:08:17 [main] DEBUG o.f.core.internal.scanner.Scanner - Filtering out resource: db/migration/V4__create_invoices.sql (filename: V4__create_invoices.sql)
2026-04-15 04:08:17 [main] DEBUG o.f.core.internal.scanner.Scanner - Filtering out resource: db/migration/V15__add_supplier_user_link.sql (filename: V15__add_supplier_user_link.sql)
2026-04-15 04:08:17 [main] DEBUG o.f.core.internal.scanner.Scanner - Filtering out resource: db/migration/V12__add_indexes.sql (filename: V12__add_indexes.sql)
2026-04-15 04:08:17 [main] DEBUG o.f.core.internal.scanner.Scanner - Filtering out resource: db/migration/V11__create_audit_logs.sql (filename: V11__create_audit_logs.sql)
2026-04-15 04:08:17 [main] DEBUG o.f.core.internal.scanner.Scanner - Filtering out resource: db/migration/V1__create_users_roles.sql (filename: V1__create_users_roles.sql)
2026-04-15 04:08:17 [main] DEBUG o.f.core.internal.scanner.Scanner - Filtering out resource: db/migration/V2__create_departments.sql (filename: V2__create_departments.sql)
2026-04-15 04:08:17 [main] DEBUG o.f.core.internal.scanner.Scanner - Filtering out resource: db/migration/V9__create_notifications.sql (filename: V9__create_notifications.sql)
2026-04-15 04:08:17 [main] DEBUG o.f.core.internal.scanner.Scanner - Filtering out resource: db/migration/V3__seed_roles_and_admin.sql (filename: V3__seed_roles_and_admin.sql)
2026-04-15 04:08:17 [main] DEBUG o.f.core.internal.scanner.Scanner - Filtering out resource: db/migration/V5__create_invoice_items.sql (filename: V5__create_invoice_items.sql)
2026-04-15 04:08:17 [main] DEBUG o.f.core.internal.scanner.Scanner - Filtering out resource: db/migration/V10__create_payments.sql (filename: V10__create_payments.sql)
2026-04-15 04:08:17 [main] DEBUG o.f.core.internal.scanner.Scanner - Filtering out resource: db/migration/V8__create_invoice_status_history.sql (filename: V8__create_invoice_status_history.sql)
2026-04-15 04:08:17 [main] DEBUG o.f.core.internal.scanner.Scanner - Filtering out resource: db/migration/V14__update_invoices_supplier_fk.sql (filename: V14__update_invoices_supplier_fk.sql)
2026-04-15 04:08:17 [main] DEBUG o.f.core.internal.scanner.Scanner - Filtering out resource: db/migration/V7__create_approval_steps.sql (filename: V7__create_approval_steps.sql)
2026-04-15 04:08:17 [main] DEBUG o.f.core.internal.scanner.Scanner - Filtering out resource: db/migration/V13__create_suppliers.sql (filename: V13__create_suppliers.sql)
2026-04-15 04:08:17 [main] DEBUG o.f.core.internal.scanner.Scanner - Filtering out resource: db/migration/V6__create_invoice_documents.sql (filename: V6__create_invoice_documents.sql)
2026-04-15 04:08:17 [main] DEBUG o.f.core.internal.scanner.Scanner - Filtering out resource: db/migration/V16__add_role_supplier.sql (filename: V16__add_role_supplier.sql)
2026-04-15 04:08:17 [main] DEBUG o.f.core.internal.scanner.Scanner - Filtering out resource: db/migration/V4__create_invoices.sql (filename: V4__create_invoices.sql)
2026-04-15 04:08:17 [main] DEBUG o.f.core.internal.scanner.Scanner - Filtering out resource: db/migration/V15__add_supplier_user_link.sql (filename: V15__add_supplier_user_link.sql)
2026-04-15 04:08:17 [main] DEBUG o.f.core.internal.scanner.Scanner - Filtering out resource: db/migration/V12__add_indexes.sql (filename: V12__add_indexes.sql)
2026-04-15 04:08:17 [main] DEBUG o.f.core.internal.scanner.Scanner - Filtering out resource: db/migration/V11__create_audit_logs.sql (filename: V11__create_audit_logs.sql)
2026-04-15 04:08:17 [main] DEBUG o.f.core.internal.scanner.Scanner - Filtering out resource: db/migration/V1__create_users_roles.sql (filename: V1__create_users_roles.sql)
2026-04-15 04:08:17 [main] DEBUG o.f.core.internal.scanner.Scanner - Filtering out resource: db/migration/V2__create_departments.sql (filename: V2__create_departments.sql)
2026-04-15 04:08:17 [main] DEBUG o.f.core.internal.scanner.Scanner - Filtering out resource: db/migration/V9__create_notifications.sql (filename: V9__create_notifications.sql)
2026-04-15 04:08:17 [main] INFO  o.f.core.internal.command.DbValidate - Successfully validated 16 migrations (execution time 00:00.300s)
2026-04-15 04:08:17 [main] WARN  org.flywaydb.core.Flyway - cleanOnValidationError is deprecated and will be removed in a later release
2026-04-15 04:08:17 [main] DEBUG o.f.core.internal.command.DbSchemas - Skipping creation of existing schema: "public"
2026-04-15 04:08:17 [main] DEBUG o.f.c.a.c.ClassicConfiguration - CherryPickConfigurationExtension not found
2026-04-15 04:08:18 [main] INFO  o.f.core.internal.command.DbMigrate - Current version of schema "public": 16
2026-04-15 04:08:18 [main] INFO  o.f.core.internal.command.DbMigrate - Schema "public" is up to date. No migration necessary.
2026-04-15 04:08:18 [main] DEBUG org.flywaydb.core.FlywayExecutor - Memory usage: 70 of 138M
2026-04-15 04:08:20 [main] WARN  org.hibernate.orm.deprecation - HHH90000025: PostgreSQLDialect does not need to be specified explicitly using 'hibernate.dialect' (remove the property setting and it will be selected by default)
2026-04-15 04:08:44 [main] DEBUG c.o.i.c.s.HttpSecurityHeadersFilter - Filter 'httpSecurityHeadersFilter' configured for use
2026-04-15 04:08:44 [main] DEBUG c.o.i.c.security.RateLimitingFilter - Filter 'rateLimitingFilter' configured for use
2026-04-15 04:08:44 [main] DEBUG c.o.i.d.a.f.JwtAuthenticationFilter - Filter 'jwtAuthenticationFilter' configured for use
2026-04-15 04:08:44 [main] DEBUG c.o.i.s.filter.AuditLoggingFilter - Filter 'auditLoggingFilter' configured for use
2026-04-15 04:08:44 [main] INFO  c.o.i.d.s.c.SupplierPortalIntegrationTest - Started SupplierPortalIntegrationTest in 41.999 seconds (process running for 48.288)
.\mvnw : Mockito is currently self-attaching to enable the inline-mock-maker. This will no longer work in future 
releases of the JDK. Please add Mockito as an agent to your build what is described in Mockito's documentation: 
https://javadoc.io/doc/org.mockito/mockito-core/latest/org/mockito/Mockito.html#0.3
At line:1 char:1
+ .\mvnw test -Dtest=SupplierPortalIntegrationTest > test_output.txt 2> ...
+ ~~~~~~~~~~~~~~~~~~~~~~~~~~~~~~~~~~~~~~~~~~~~~~~~~~~~~~~~~~~~~~~~~~~~~
    + CategoryInfo          : NotSpecified: (Mockito is curr...ockito.html#0.3:String) [], RemoteException
    + FullyQualifiedErrorId : NativeCommandError
 
WARNING: A Java agent has been loaded dynamically 
(C:\Users\Dany\.m2\repository\net\bytebuddy\byte-buddy-agent\1.15.11\byte-buddy-agent-1.15.11.jar)
WARNING: If a serviceability tool is in use, please run with -XX:+EnableDynamicAgentLoading to hide this warning
WARNING: If a serviceability tool is not in use, please run with -Djdk.instrument.traceUsage for more information
WARNING: Dynamic loading of agents will be disallowed by default in a future release
Java HotSpot(TM) 64-Bit Server VM warning: Sharing is only supported for boot loader classes because bootstrap 
classpath has been appended
2026-04-15 04:08:48 [main] INFO  c.o.i.s.filter.AuditLoggingFilter - AUDIT | POST /api/v1/auth/register/supplier | Status: 200 | User: anonymous | Time: 1411ms

MockHttpServletRequest:
      HTTP Method = POST
      Request URI = /api/v1/auth/register/supplier
       Parameters = {}
          Headers = [Content-Type:"application/json;charset=UTF-8", Content-Length:"320"]
             Body = {"companyName":"Test Supplier Co","taxId":"TAX-542d3ecd-cdb5-45cd-a99c-960f4e84ed7c","email":"test-supplier-c2ef0fa6-4619-4eed-8490-261b4c70bcfe@example.com","password":"SecurePassword123!","firstName":"Supplier","lastName":"User","contactPhone":"+123456789","bankDetails":"BANK-DETAILS-X","address":"123 Supplier Lane"}
    Session Attrs = {}

Handler:
             Type = com.oct.invoicesystem.domain.auth.controller.AuthController
           Method = com.oct.invoicesystem.domain.auth.controller.AuthController#registerSupplier(SupplierRegistrationRequest)

Async:
    Async started = false
     Async result = null

Resolved Exception:
             Type = null

ModelAndView:
        View name = null
             View = null
            Model = null

FlashMap:
       Attributes = null

MockHttpServletResponse:
           Status = 200
    Error message = null
          Headers = [Vary:"Origin", "Access-Control-Request-Method", "Access-Control-Request-Headers", X-Frame-Options:"DENY", X-Content-Type-Options:"nosniff", Content-Security-Policy:"default-src 'self'; script-src 'self' 'unsafe-inline' 'unsafe-eval'; style-src 'self' 'unsafe-inline'; img-src 'self' data: https:; font-src 'self'; connect-src 'self' ws: wss:; frame-ancestors 'none'; base-uri 'self'; form-action 'self'", Strict-Transport-Security:"max-age=31536000; includeSubDomains; preload", X-Powered-By:"", Server:"", Content-Type:"application/json", X-XSS-Protection:"0", Cache-Control:"no-cache, no-store, max-age=0, must-revalidate", Pragma:"no-cache", Expires:"0"]
     Content type = application/json
             Body = {"success":true,"message":"Supplier registered successfully. Please check your email for verification.","timestamp":"2026-04-15T02:08:48.408367Z"}
    Forwarded URL = null
   Redirected URL = null
          Cookies = []
2026-04-15 04:08:48 [main] INFO  c.o.i.s.filter.AuditLoggingFilter - AUDIT | GET /api/v1/auth/verify-email | Status: 200 | User: anonymous | Time: 31ms

MockHttpServletRequest:
      HTTP Method = GET
      Request URI = /api/v1/auth/verify-email
       Parameters = {token=[10a151ef-1089-4df0-91c7-60c80426f4cc]}
          Headers = []
             Body = null
    Session Attrs = {}

Handler:
             Type = com.oct.invoicesystem.domain.auth.controller.AuthController
           Method = com.oct.invoicesystem.domain.auth.controller.AuthController#verifyEmail(String)

Async:
    Async started = false
     Async result = null

Resolved Exception:
             Type = null

ModelAndView:
        View name = null
             View = null
            Model = null

FlashMap:
       Attributes = null

MockHttpServletResponse:
           Status = 200
    Error message = null
          Headers = [Vary:"Origin", "Access-Control-Request-Method", "Access-Control-Request-Headers", X-Frame-Options:"DENY", X-Content-Type-Options:"nosniff", Content-Security-Policy:"default-src 'self'; script-src 'self' 'unsafe-inline' 'unsafe-eval'; style-src 'self' 'unsafe-inline'; img-src 'self' data: https:; font-src 'self'; connect-src 'self' ws: wss:; frame-ancestors 'none'; base-uri 'self'; form-action 'self'", Strict-Transport-Security:"max-age=31536000; includeSubDomains; preload", X-Powered-By:"", Server:"", Content-Type:"application/json", X-XSS-Protection:"0", Cache-Control:"no-cache, no-store, max-age=0, must-revalidate", Pragma:"no-cache", Expires:"0"]
     Content type = application/json
             Body = {"success":true,"message":"Email verified successfully. You can now log in.","timestamp":"2026-04-15T02:08:48.795247Z"}
    Forwarded URL = null
   Redirected URL = null
          Cookies = []
2026-04-15 04:08:50 [main] INFO  c.o.i.s.filter.AuditLoggingFilter - AUDIT | POST /api/v1/auth/login | Status: 200 | User: anonymous | Time: 1742ms

MockHttpServletRequest:
      HTTP Method = POST
      Request URI = /api/v1/auth/login
       Parameters = {}
          Headers = [Content-Type:"application/json;charset=UTF-8", Content-Length:"109"]
             Body = {"username":"test-supplier-c2ef0fa6-4619-4eed-8490-261b4c70bcfe@example.com","password":"SecurePassword123!"}
    Session Attrs = {}

Handler:
             Type = com.oct.invoicesystem.domain.auth.controller.AuthController
           Method = com.oct.invoicesystem.domain.auth.controller.AuthController#login(LoginRequest)

Async:
    Async started = false
     Async result = null

Resolved Exception:
             Type = null

ModelAndView:
        View name = null
             View = null
            Model = null

FlashMap:
       Attributes = null

MockHttpServletResponse:
           Status = 200
    Error message = null
          Headers = [Vary:"Origin", "Access-Control-Request-Method", "Access-Control-Request-Headers", X-Frame-Options:"DENY", X-Content-Type-Options:"nosniff", Content-Security-Policy:"default-src 'self'; script-src 'self' 'unsafe-inline' 'unsafe-eval'; style-src 'self' 'unsafe-inline'; img-src 'self' data: https:; font-src 'self'; connect-src 'self' ws: wss:; frame-ancestors 'none'; base-uri 'self'; form-action 'self'", Strict-Transport-Security:"max-age=31536000; includeSubDomains; preload", X-Powered-By:"", Server:"", Content-Type:"application/json", X-XSS-Protection:"0", Cache-Control:"no-cache, no-store, max-age=0, must-revalidate", Pragma:"no-cache", Expires:"0"]
     Content type = application/json
             Body = {"success":true,"message":"Login successful","data":{"accessToken":"eyJhbGciOiJIUzI1NiJ9.eyJzdXBwbGllcklkIjoiZmQ3ZWQwMjEtMmRkNS00NmQ2LWI4OTAtNWQ3YzljNGEwYjU5Iiwic3ViIjoidGVzdC1zdXBwbGllci1jMmVmMGZhNi00NjE5LTRlZWQtODQ5MC0yNjFiNGM3MGJjZmVAZXhhbXBsZS5jb20iLCJpYXQiOjE3NzYyMTg5MzAsImV4cCI6MTc3NjMwNTMzMH0.vqepRtn5MyVa50Z4iQIKVIIhTF2jEvgxZSrB6q_dYkU","refreshToken":"eyJhbGciOiJIUzI1NiJ9.eyJzdWIiOiJ0ZXN0LXN1cHBsaWVyLWMyZWYwZmE2LTQ2MTktNGVlZC04NDkwLTI2MWI0YzcwYmNmZUBleGFtcGxlLmNvbSIsImlhdCI6MTc3NjIxODkzMCwiZXhwIjoxNzc2ODIzNzMwfQ.veh3n00VCrsod3MoehV5657NPN9-kd3pABkUtRTV4Y4","userId":"5ea1b810-ee96-4299-9909-447ea01f79fc","username":"test-supplier-c2ef0fa6-4619-4eed-8490-261b4c70bcfe@example.com","firstName":"Supplier","lastName":"User","roles":["ROLE_SUPPLIER"]},"timestamp":"2026-04-15T02:08:50.577728500Z"}
    Forwarded URL = null
   Redirected URL = null
          Cookies = []
2026-04-15 04:08:51 [main] INFO  c.o.i.s.filter.AuditLoggingFilter - AUDIT | POST /api/v1/supplier/invoices | Status: 201 | User: test-supplier-c2ef0fa6-4619-4eed-8490-261b4c70bcfe@example.com | Time: 192ms

MockHttpServletRequest:
      HTTP Method = POST
      Request URI = /api/v1/supplier/invoices
       Parameters = {}
          Headers = [Content-Type:"application/json;charset=UTF-8", Authorization:"Bearer eyJhbGciOiJIUzI1NiJ9.eyJzdXBwbGllcklkIjoiZmQ3ZWQwMjEtMmRkNS00NmQ2LWI4OTAtNWQ3YzljNGEwYjU5Iiwic3ViIjoidGVzdC1zdXBwbGllci1jMmVmMGZhNi00NjE5LTRlZWQtODQ5MC0yNjFiNGM3MGJjZmVAZXhhbXBsZS5jb20iLCJpYXQiOjE3NzYyMTg5MzAsImV4cCI6MTc3NjMwNTMzMH0.vqepRtn5MyVa50Z4iQIKVIIhTF2jEvgxZSrB6q_dYkU", Content-Length:"179"]
             Body = {"departmentId":"06fc4825-f71b-44ce-ad5b-0f83e2523ba6","amount":1500.5,"currency":"EUR","issueDate":"2026-04-15","dueDate":"2026-05-15","description":"Service delivery for March"}
    Session Attrs = {}

Handler:
             Type = com.oct.invoicesystem.domain.supplier.controller.SupplierPortalController
           Method = com.oct.invoicesystem.domain.supplier.controller.SupplierPortalController#submitInvoice(InvoiceCreateRequest, Authentication)

Async:
    Async started = false
     Async result = null

Resolved Exception:
             Type = null

ModelAndView:
        View name = null
             View = null
            Model = null

FlashMap:
       Attributes = null

MockHttpServletResponse:
           Status = 201
    Error message = null
          Headers = [Vary:"Origin", "Access-Control-Request-Method", "Access-Control-Request-Headers", X-Frame-Options:"DENY", X-Content-Type-Options:"nosniff", Content-Security-Policy:"default-src 'self'; script-src 'self' 'unsafe-inline' 'unsafe-eval'; style-src 'self' 'unsafe-inline'; img-src 'self' data: https:; font-src 'self'; connect-src 'self' ws: wss:; frame-ancestors 'none'; base-uri 'self'; form-action 'self'", Strict-Transport-Security:"max-age=31536000; includeSubDomains; preload", X-Powered-By:"", Server:"", Content-Type:"application/json", X-XSS-Protection:"0", Cache-Control:"no-cache, no-store, max-age=0, must-revalidate", Pragma:"no-cache", Expires:"0"]
     Content type = application/json
             Body = {"success":true,"message":"Invoice submitted successfully","data":{"id":"608f04c6-bba1-4f7e-b97b-43a3a765fc9c","referenceNumber":"FAC-2026-00001","departmentId":"06fc4825-f71b-44ce-ad5b-0f83e2523ba6","submittedBy":"5ea1b810-ee96-4299-9909-447ea01f79fc","supplierId":"fd7ed021-2dd5-46d6-b890-5d7c9c4a0b59","supplierName":"Test Supplier Co","supplierEmail":"test-supplier-c2ef0fa6-4619-4eed-8490-261b4c70bcfe@example.com","supplierTaxId":"TAX-542d3ecd-cdb5-45cd-a99c-960f4e84ed7c","amount":1500.5,"currency":"EUR","issueDate":"2026-04-15","dueDate":"2026-05-15","description":"Service delivery for March","status":"BROUILLON","version":0,"createdAt":"2026-04-15T02:08:51.086508100Z","updatedAt":"2026-04-15T02:08:51.092266400Z"},"timestamp":"2026-04-15T02:08:51.094844800Z"}
    Forwarded URL = null
   Redirected URL = null
          Cookies = []
2026-04-15 04:08:51 [main] INFO  c.o.i.s.filter.AuditLoggingFilter - AUDIT | GET /api/v1/supplier/invoices | Status: 200 | User: test-supplier-c2ef0fa6-4619-4eed-8490-261b4c70bcfe@example.com | Time: 137ms

MockHttpServletRequest:
      HTTP Method = GET
      Request URI = /api/v1/supplier/invoices
       Parameters = {}
          Headers = [Authorization:"Bearer eyJhbGciOiJIUzI1NiJ9.eyJzdXBwbGllcklkIjoiZmQ3ZWQwMjEtMmRkNS00NmQ2LWI4OTAtNWQ3YzljNGEwYjU5Iiwic3ViIjoidGVzdC1zdXBwbGllci1jMmVmMGZhNi00NjE5LTRlZWQtODQ5MC0yNjFiNGM3MGJjZmVAZXhhbXBsZS5jb20iLCJpYXQiOjE3NzYyMTg5MzAsImV4cCI6MTc3NjMwNTMzMH0.vqepRtn5MyVa50Z4iQIKVIIhTF2jEvgxZSrB6q_dYkU"]
             Body = null
    Session Attrs = {}

Handler:
             Type = com.oct.invoicesystem.domain.supplier.controller.SupplierPortalController
           Method = com.oct.invoicesystem.domain.supplier.controller.SupplierPortalController#listMyInvoices(InvoiceStatus, LocalDate, LocalDate, String, int, int, String, Authentication)

Async:
    Async started = false
     Async result = null

Resolved Exception:
             Type = null

ModelAndView:
        View name = null
             View = null
            Model = null

FlashMap:
       Attributes = null

MockHttpServletResponse:
           Status = 200
    Error message = null
          Headers = [Vary:"Origin", "Access-Control-Request-Method", "Access-Control-Request-Headers", X-Frame-Options:"DENY", X-Content-Type-Options:"nosniff", Content-Security-Policy:"default-src 'self'; script-src 'self' 'unsafe-inline' 'unsafe-eval'; style-src 'self' 'unsafe-inline'; img-src 'self' data: https:; font-src 'self'; connect-src 'self' ws: wss:; frame-ancestors 'none'; base-uri 'self'; form-action 'self'", Strict-Transport-Security:"max-age=31536000; includeSubDomains; preload", X-Powered-By:"", Server:"", Content-Type:"application/json", X-XSS-Protection:"0", Cache-Control:"no-cache, no-store, max-age=0, must-revalidate", Pragma:"no-cache", Expires:"0"]
     Content type = application/json
             Body = {"success":true,"data":{"content":[{"id":"608f04c6-bba1-4f7e-b97b-43a3a765fc9c","referenceNumber":"FAC-2026-00001","departmentId":"06fc4825-f71b-44ce-ad5b-0f83e2523ba6","submittedBy":"5ea1b810-ee96-4299-9909-447ea01f79fc","supplierId":"fd7ed021-2dd5-46d6-b890-5d7c9c4a0b59","supplierName":"Test Supplier Co","supplierEmail":"test-supplier-c2ef0fa6-4619-4eed-8490-261b4c70bcfe@example.com","supplierTaxId":"TAX-542d3ecd-cdb5-45cd-a99c-960f4e84ed7c","amount":1500.5,"currency":"EUR","issueDate":"2026-04-15","dueDate":"2026-05-15","description":"Service delivery for March","status":"BROUILLON","version":0,"createdAt":"2026-04-15T02:08:51.086508100Z","updatedAt":"2026-04-15T02:08:51.092266400Z"}],"page":0,"size":20,"totalElements":1,"totalPages":1,"last":true},"timestamp":"2026-04-15T02:08:51.253787700Z"}
    Forwarded URL = null
   Redirected URL = null
          Cookies = []
2026-04-15 04:08:51 [main] INFO  c.o.i.s.filter.AuditLoggingFilter - AUDIT | POST /api/v1/supplier/documents | Status: 201 | User: test-supplier-c2ef0fa6-4619-4eed-8490-261b4c70bcfe@example.com | Time: 173ms

MockHttpServletRequest:
      HTTP Method = POST
      Request URI = /api/v1/supplier/documents
       Parameters = {documentType=[TAX_CERTIFICATE]}
          Headers = [Content-Type:"multipart/form-data;charset=UTF-8", Authorization:"Bearer eyJhbGciOiJIUzI1NiJ9.eyJzdXBwbGllcklkIjoiZmQ3ZWQwMjEtMmRkNS00NmQ2LWI4OTAtNWQ3YzljNGEwYjU5Iiwic3ViIjoidGVzdC1zdXBwbGllci1jMmVmMGZhNi00NjE5LTRlZWQtODQ5MC0yNjFiNGM3MGJjZmVAZXhhbXBsZS5jb20iLCJpYXQiOjE3NzYyMTg5MzAsImV4cCI6MTc3NjMwNTMzMH0.vqepRtn5MyVa50Z4iQIKVIIhTF2jEvgxZSrB6q_dYkU"]
             Body = null
    Session Attrs = {}

Handler:
             Type = com.oct.invoicesystem.domain.supplier.controller.SupplierPortalController
           Method = com.oct.invoicesystem.domain.supplier.controller.SupplierPortalController#uploadDocument(MultipartFile, SupplierDocumentType, Authentication)

Async:
    Async started = false
     Async result = null

Resolved Exception:
             Type = null

ModelAndView:
        View name = null
             View = null
            Model = null

FlashMap:
       Attributes = null

MockHttpServletResponse:
           Status = 201
    Error message = null
          Headers = [Vary:"Origin", "Access-Control-Request-Method", "Access-Control-Request-Headers", X-Frame-Options:"DENY", X-Content-Type-Options:"nosniff", Content-Security-Policy:"default-src 'self'; script-src 'self' 'unsafe-inline' 'unsafe-eval'; style-src 'self' 'unsafe-inline'; img-src 'self' data: https:; font-src 'self'; connect-src 'self' ws: wss:; frame-ancestors 'none'; base-uri 'self'; form-action 'self'", Strict-Transport-Security:"max-age=31536000; includeSubDomains; preload", X-Powered-By:"", Server:"", Content-Type:"application/json", X-XSS-Protection:"0", Cache-Control:"no-cache, no-store, max-age=0, must-revalidate", Pragma:"no-cache", Expires:"0"]
     Content type = application/json
             Body = {"success":true,"message":"Document uploaded successfully","data":{"filename":"tax_cert.pdf","documentType":"TAX_CERTIFICATE","id":"0a40088a-45aa-467b-bbc3-f96449ce54ee"},"timestamp":"2026-04-15T02:08:51.493393400Z"}
    Forwarded URL = null
   Redirected URL = null
          Cookies = []
2026-04-15 04:08:51 [main] INFO  c.o.i.s.filter.AuditLoggingFilter - AUDIT | GET /api/v1/supplier/dashboard | Status: 200 | User: test-supplier-c2ef0fa6-4619-4eed-8490-261b4c70bcfe@example.com | Time: 36ms

MockHttpServletRequest:
      HTTP Method = GET
      Request URI = /api/v1/supplier/dashboard
       Parameters = {}
          Headers = [Authorization:"Bearer eyJhbGciOiJIUzI1NiJ9.eyJzdXBwbGllcklkIjoiZmQ3ZWQwMjEtMmRkNS00NmQ2LWI4OTAtNWQ3YzljNGEwYjU5Iiwic3ViIjoidGVzdC1zdXBwbGllci1jMmVmMGZhNi00NjE5LTRlZWQtODQ5MC0yNjFiNGM3MGJjZmVAZXhhbXBsZS5jb20iLCJpYXQiOjE3NzYyMTg5MzAsImV4cCI6MTc3NjMwNTMzMH0.vqepRtn5MyVa50Z4iQIKVIIhTF2jEvgxZSrB6q_dYkU"]
             Body = null
    Session Attrs = {}

Handler:
             Type = com.oct.invoicesystem.domain.supplier.controller.SupplierPortalController
           Method = com.oct.invoicesystem.domain.supplier.controller.SupplierPortalController#getDashboardStats(Authentication)

Async:
    Async started = false
     Async result = null

Resolved Exception:
             Type = null

ModelAndView:
        View name = null
             View = null
            Model = null

FlashMap:
       Attributes = null

MockHttpServletResponse:
           Status = 200
    Error message = null
          Headers = [Vary:"Origin", "Access-Control-Request-Method", "Access-Control-Request-Headers", X-Frame-Options:"DENY", X-Content-Type-Options:"nosniff", Content-Security-Policy:"default-src 'self'; script-src 'self' 'unsafe-inline' 'unsafe-eval'; style-src 'self' 'unsafe-inline'; img-src 'self' data: https:; font-src 'self'; connect-src 'self' ws: wss:; frame-ancestors 'none'; base-uri 'self'; form-action 'self'", Strict-Transport-Security:"max-age=31536000; includeSubDomains; preload", X-Powered-By:"", Server:"", Content-Type:"application/json", X-XSS-Protection:"0", Cache-Control:"no-cache, no-store, max-age=0, must-revalidate", Pragma:"no-cache", Expires:"0"]
     Content type = application/json
             Body = {"success":true,"data":{"statusCounts":{"BROUILLON":1}},"timestamp":"2026-04-15T02:08:51.566278100Z"}
    Forwarded URL = null
   Redirected URL = null
          Cookies = []
2026-04-15 04:08:51 [main] INFO  c.o.i.s.filter.AuditLoggingFilter - AUDIT | GET /api/v1/supplier/profile | Status: 200 | User: test-supplier-c2ef0fa6-4619-4eed-8490-261b4c70bcfe@example.com | Time: 44ms

MockHttpServletRequest:
      HTTP Method = GET
      Request URI = /api/v1/supplier/profile
       Parameters = {}
          Headers = [Authorization:"Bearer eyJhbGciOiJIUzI1NiJ9.eyJzdXBwbGllcklkIjoiZmQ3ZWQwMjEtMmRkNS00NmQ2LWI4OTAtNWQ3YzljNGEwYjU5Iiwic3ViIjoidGVzdC1zdXBwbGllci1jMmVmMGZhNi00NjE5LTRlZWQtODQ5MC0yNjFiNGM3MGJjZmVAZXhhbXBsZS5jb20iLCJpYXQiOjE3NzYyMTg5MzAsImV4cCI6MTc3NjMwNTMzMH0.vqepRtn5MyVa50Z4iQIKVIIhTF2jEvgxZSrB6q_dYkU"]
             Body = null
    Session Attrs = {}

Handler:
             Type = com.oct.invoicesystem.domain.supplier.controller.SupplierPortalController
           Method = com.oct.invoicesystem.domain.supplier.controller.SupplierPortalController#getProfile(Authentication)

Async:
    Async started = false
     Async result = null

Resolved Exception:
             Type = null

ModelAndView:
        View name = null
             View = null
            Model = null

FlashMap:
       Attributes = null

MockHttpServletResponse:
           Status = 200
    Error message = null
          Headers = [Vary:"Origin", "Access-Control-Request-Method", "Access-Control-Request-Headers", X-Frame-Options:"DENY", X-Content-Type-Options:"nosniff", Content-Security-Policy:"default-src 'self'; script-src 'self' 'unsafe-inline' 'unsafe-eval'; style-src 'self' 'unsafe-inline'; img-src 'self' data: https:; font-src 'self'; connect-src 'self' ws: wss:; frame-ancestors 'none'; base-uri 'self'; form-action 'self'", Strict-Transport-Security:"max-age=31536000; includeSubDomains; preload", X-Powered-By:"", Server:"", Content-Type:"application/json", X-XSS-Protection:"0", Cache-Control:"no-cache, no-store, max-age=0, must-revalidate", Pragma:"no-cache", Expires:"0"]
     Content type = application/json
             Body = {"success":true,"data":{"id":"fd7ed021-2dd5-46d6-b890-5d7c9c4a0b59","companyName":"Test Supplier Co","taxId":"TAX-542d3ecd-cdb5-45cd-a99c-960f4e84ed7c","contactEmail":"test-supplier-c2ef0fa6-4619-4eed-8490-261b4c70bcfe@example.com","contactPhone":"+123456789","bankDetails":"BANK-DETAILS-X","address":"123 Supplier Lane","status":"PENDING_VERIFICATION","createdAt":"2026-04-15T02:08:47.556464500Z","updatedAt":"2026-04-15T02:08:47.565613300Z","documents":[]},"timestamp":"2026-04-15T02:08:51.623888700Z"}
    Forwarded URL = null
   Redirected URL = null
          Cookies = []
[INFO] Tests run: 1, Failures: 0, Errors: 0, Skipped: 0, Time elapsed: 51.80 s -- in com.oct.invoicesystem.domain.supplier.controller.SupplierPortalIntegrationTest
[INFO] 
[INFO] Results:
[INFO] 
[INFO] Tests run: 1, Failures: 0, Errors: 0, Skipped: 0
[INFO] 
[INFO] 
[INFO] --- jacoco:0.8.12:report (report) @ invoice-system ---
[INFO] Loading execution data file C:\Users\Dany\Documents\FINAL PROJECT\invoice-system\target\jacoco.exec
[INFO] Analyzed bundle 'OCT Invoice System' with 113 classes
[INFO] ------------------------------------------------------------------------
[INFO] BUILD SUCCESS
[INFO] ------------------------------------------------------------------------
[INFO] Total time:  01:06 min
[INFO] Finished at: 2026-04-15T04:08:55+02:00
[INFO] ------------------------------------------------------------------------
